# Migration info
Command for local testing:
```
bazel build --enable_bzlmod --noenable_workspace //...
```
## Direct dependencies:
* macro_rule
## Migration of `macro_rule`:

<details>
<summary>Click here to see where and how the repo was declared in the WORKSPACE file</summary>

#### Location
```python
Repository macro_rule instantiated at:
  /usr/local/google/home/kotlaja/github/bazel-central-registry/tools/bzlmod_migration_test_examples/module_extension/WORKSPACE:11:21: in <toplevel>
  /usr/local/google/home/kotlaja/github/bazel-central-registry/tools/bzlmod_migration_test_examples/module_extension/test_repo_rule.bzl:21:20: in macro_test_repo_rule
Repository rule _test_repo_rule defined at:
  /usr/local/google/home/kotlaja/github/bazel-central-registry/tools/bzlmod_migration_test_examples/module_extension/test_repo_rule.bzl:16:34: in <toplevel>

```

#### Definition
```python
load("//:test_repo_rule.bzl", "macro_test_repo_rule")
macro_test_repo_rule(
  name = "macro_rule",
)
```
**Tip**: URLs usually show which version was used.
</details>

___
	It is not found in BCR. 

It has been introduced using a module extension:

```
extension_for_macro_test_repo_rule = use_extension("//:extension_for_macro_test_repo_rule.bzl", "extension_for_macro_test_repo_rule")

use_repo(extension_for_macro_test_repo_rule, "macro_rule")
```
## Migration of `rules_shell`:

<details>
<summary>Click here to see where and how the repo was declared in the WORKSPACE file</summary>

#### Location
```python
Repository rules_shell instantiated at:
  /usr/local/google/home/kotlaja/github/bazel-central-registry/tools/bzlmod_migration_test_examples/module_extension/WORKSPACE:4:13: in <toplevel>
Repository rule http_archive defined at:
  /usr/local/google/home/kotlaja/.cache/bazel/_bazel_kotlaja/37ae2c9bd06949811fea81818971355a/external/bazel_tools/tools/build_defs/repo/http.bzl:387:31: in <toplevel>

```

#### Definition
```python
load("@@bazel_tools//tools/build_defs/repo:http.bzl", "http_archive")
http_archive(
  name = "rules_shell",
  url = "https://github.com/bazelbuild/rules_shell/releases/download/v0.4.0/rules_shell-v0.4.0.tar.gz",
  sha256 = "3e114424a5c7e4fd43e0133cc6ecdfe54e45ae8affa14fadd839f29901424043",
  strip_prefix = "rules_shell-0.4.0",
)
```
**Tip**: URLs usually show which version was used.
</details>

___
Found perfect name match in BCR: `rules_shell`

It has been introduced as a Bazel module:

	bazel_dep(name = "rules_shell", version = "0.6.1")
