module(name = "main", version="")

bazel_dep(name = "rules_shell", version = "0.6.1")
# -- bazel_dep definitions -- #

# -- use_repo_rule statements -- #

# -- repo definitions -- #

extension_for_macro_test_repo_rule = use_extension("//:extension_for_macro_test_repo_rule.bzl", "extension_for_macro_test_repo_rule")
use_repo(extension_for_macro_test_repo_rule, "macro_rule")
# End of extension `extension_for_macro_test_repo_rule`
