# Migration info
Command for local testing:
```
bazel build --enable_bzlmod --noenable_workspace //...
```
## Direct dependencies:
* rules_java
* rules_cc
* bazel_gazelle
* bazel_skylib
## Migration of `rules_java`:

<details>
<summary>Click here to see where and how the repo was declared in the WORKSPACE file</summary>

#### Location
```python
Repository rules_java instantiated at:
  /usr/local/google/home/kotlaja/github/bazel-central-registry/tools/bzlmod_migration_test_examples/simple_module_deps/WORKSPACE:3:13: in <toplevel>
Repository rule http_archive defined at:
  /usr/local/google/home/kotlaja/.cache/bazel/_bazel_kotlaja/49a4656b736c2e7974eccb541993e244/external/bazel_tools/tools/build_defs/repo/http.bzl:387:31: in <toplevel>

```

#### Definition
```python
load("@@bazel_tools//tools/build_defs/repo:http.bzl", "http_archive")
http_archive(
  name = "rules_java",
  urls = [
    "https://github.com/bazelbuild/rules_java/releases/download/7.12.0/rules_java-7.12.0.tar.gz"
  ],
  sha256 = "c999cdbb4e8414d49c4117bb73800cff95c438c15da075531ae004275ab23144",
)
```
**Tip**: URLs usually show which version was used.
</details>

___
Found perfect name match in BCR: `rules_java`

It has been introduced as a Bazel module:

	bazel_dep(name = "rules_java", version = "8.16.1")
## Migration of `rules_cc`:

<details>
<summary>Click here to see where and how the repo was declared in the WORKSPACE file</summary>

#### Location
```python
Repository rules_cc instantiated at:
  /usr/local/google/home/kotlaja/github/bazel-central-registry/tools/bzlmod_migration_test_examples/simple_module_deps/WORKSPACE:16:13: in <toplevel>
Repository rule http_archive defined at:
  /usr/local/google/home/kotlaja/.cache/bazel/_bazel_kotlaja/49a4656b736c2e7974eccb541993e244/external/bazel_tools/tools/build_defs/repo/http.bzl:387:31: in <toplevel>

```

#### Definition
```python
load("@@bazel_tools//tools/build_defs/repo:http.bzl", "http_archive")
http_archive(
  name = "rules_cc",
  urls = [
    "https://github.com/bazelbuild/rules_cc/releases/download/0.0.15/rules_cc-0.0.15.tar.gz"
  ],
  sha256 = "f4aadd8387f381033a9ad0500443a52a0cea5f8ad1ede4369d3c614eb7b2682e",
  strip_prefix = "rules_cc-0.0.15",
)
```
**Tip**: URLs usually show which version was used.
</details>

___
Found perfect name match in BCR: `rules_cc`

It has been introduced as a Bazel module:

	bazel_dep(name = "rules_cc", version = "0.2.12-rc2")
## Migration of `bazel_gazelle`:

<details>
<summary>Click here to see where and how the repo was declared in the WORKSPACE file</summary>

#### Location
```python
Repository bazel_gazelle instantiated at:
  /usr/local/google/home/kotlaja/github/bazel-central-registry/tools/bzlmod_migration_test_examples/simple_module_deps/WORKSPACE:63:13: in <toplevel>
Repository rule http_archive defined at:
  /usr/local/google/home/kotlaja/.cache/bazel/_bazel_kotlaja/49a4656b736c2e7974eccb541993e244/external/bazel_tools/tools/build_defs/repo/http.bzl:387:31: in <toplevel>

```

#### Definition
```python
load("@@bazel_tools//tools/build_defs/repo:http.bzl", "http_archive")
http_archive(
  name = "bazel_gazelle",
  urls = [
    "https://mirror.bazel.build/github.com/bazelbuild/bazel-gazelle/releases/download/v0.29.0/bazel-gazelle-v0.29.0.tar.gz",
    "https://github.com/bazelbuild/bazel-gazelle/releases/download/v0.29.0/bazel-gazelle-v0.29.0.tar.gz"
  ],
  sha256 = "ecba0f04f96b4960a5b250c8e8eeec42281035970aa8852dda73098274d14a1d",
)
```
**Tip**: URLs usually show which version was used.
</details>

___
Found partially name matches in BCR: `gazelle`

It has been introduced as a Bazel module:

	bazel_dep(name = "gazelle", version = "0.45.0", repo_name = "bazel_gazelle")
## Migration of `bazel_skylib`:

<details>
<summary>Click here to see where and how the repo was declared in the WORKSPACE file</summary>

#### Location
```python
Repository bazel_skylib instantiated at:
  /usr/local/google/home/kotlaja/github/bazel-central-registry/tools/bzlmod_migration_test_examples/simple_module_deps/WORKSPACE:25:13: in <toplevel>
Repository rule http_archive defined at:
  /usr/local/google/home/kotlaja/.cache/bazel/_bazel_kotlaja/49a4656b736c2e7974eccb541993e244/external/bazel_tools/tools/build_defs/repo/http.bzl:387:31: in <toplevel>

```

#### Definition
```python
load("@@bazel_tools//tools/build_defs/repo:http.bzl", "http_archive")
http_archive(
  name = "bazel_skylib",
  urls = [
    "https://github.com/bazelbuild/bazel-skylib/releases/download/1.1.1/bazel-skylib-1.1.1.tar.gz",
    "https://mirror.bazel.build/github.com/bazelbuild/bazel-skylib/releases/download/1.1.1/bazel-skylib-1.1.1.tar.gz"
  ],
  sha256 = "c6966ec828da198c5d9adbaa94c05e3a1c7f21bd012a0b29ba8ddbccb2c93b0d",
)
```
**Tip**: URLs usually show which version was used.
</details>

___
Found perfect name match in BCR: `bazel_skylib`

Found partially name matches in BCR: `bazel_skylib_gazelle_plugin`

It has been introduced as a Bazel module:

	bazel_dep(name = "bazel_skylib", version = "1.8.2")
## Migration of `rules_shell`:

<details>
<summary>Click here to see where and how the repo was declared in the WORKSPACE file</summary>

#### Location
```python
Repository rules_shell instantiated at:
  /usr/local/google/home/kotlaja/github/bazel-central-registry/tools/bzlmod_migration_test_examples/simple_module_deps/WORKSPACE:9:13: in <toplevel>
Repository rule http_archive defined at:
  /usr/local/google/home/kotlaja/.cache/bazel/_bazel_kotlaja/49a4656b736c2e7974eccb541993e244/external/bazel_tools/tools/build_defs/repo/http.bzl:387:31: in <toplevel>

```

#### Definition
```python
load("@@bazel_tools//tools/build_defs/repo:http.bzl", "http_archive")
http_archive(
  name = "rules_shell",
  url = "https://github.com/bazelbuild/rules_shell/releases/download/v0.4.0/rules_shell-v0.4.0.tar.gz",
  sha256 = "3e114424a5c7e4fd43e0133cc6ecdfe54e45ae8affa14fadd839f29901424043",
  strip_prefix = "rules_shell-0.4.0",
)
```
**Tip**: URLs usually show which version was used.
</details>

___
Found perfect name match in BCR: `rules_shell`

It has been introduced as a Bazel module:

	bazel_dep(name = "rules_shell", version = "0.6.1")
## Migration of `com_google_protobuf`:

<details>
<summary>Click here to see where and how the repo was declared in the WORKSPACE file</summary>

#### Location
```python
Repository com_google_protobuf instantiated at:
  /usr/local/google/home/kotlaja/github/bazel-central-registry/tools/bzlmod_migration_test_examples/simple_module_deps/WORKSPACE:34:13: in <toplevel>
Repository rule http_archive defined at:
  /usr/local/google/home/kotlaja/.cache/bazel/_bazel_kotlaja/49a4656b736c2e7974eccb541993e244/external/bazel_tools/tools/build_defs/repo/http.bzl:387:31: in <toplevel>

```

#### Definition
```python
load("@@bazel_tools//tools/build_defs/repo:http.bzl", "http_archive")
http_archive(
  name = "com_google_protobuf",
  urls = [
    "https://mirror.bazel.build/github.com/protocolbuffers/protobuf/archive/v27.0.zip",
    "https://github.com/protocolbuffers/protobuf/archive/v27.0.zip"
  ],
  sha256 = "a7e735f510520b41962d07459f6f5b99dd594c7ed4690bf1191b9924bec094a2",
  strip_prefix = "protobuf-27.0",
)
```
**Tip**: URLs usually show which version was used.
</details>

___
Found partially name matches in BCR: `protobuf`

It has been introduced as a Bazel module:

	bazel_dep(name = "protobuf", version = "33.0", repo_name = "com_google_protobuf")
