module(name = "main", version="")

bazel_dep(name = "rules_java", version = "8.16.1")
bazel_dep(name = "rules_cc", version = "0.2.12-rc2")
bazel_dep(name = "gazelle", version = "0.45.0", repo_name = "bazel_gazelle")
bazel_dep(name = "bazel_skylib", version = "1.8.2")
bazel_dep(name = "rules_shell", version = "0.6.1")
bazel_dep(name = "protobuf", version = "33.0", repo_name = "com_google_protobuf")
# -- bazel_dep definitions -- #

# -- use_repo_rule statements -- #

# -- repo definitions -- #
