# Migration info
Command for local testing:
```
bazel build --enable_bzlmod --noenable_workspace //...
```
## Direct dependencies:
* bazel_gazelle
* org_golang_x_net
* org_golang_x_text
* org_golang_google_grpc
* io_bazel_rules_go
## Migration of `bazel_gazelle`:

<details>
<summary>Click here to see where and how the repo was declared in the WORKSPACE file</summary>

#### Location
```python
Repository bazel_gazelle instantiated at:
  /usr/local/google/home/kotlaja/github/bazel-central-registry/tools/bzlmod_migration_test_examples/go_extension/WORKSPACE:12:13: in <toplevel>
Repository rule http_archive defined at:
  /usr/local/google/home/kotlaja/.cache/bazel/_bazel_kotlaja/8bb74c52ceca543bc38a48c05f0054f4/external/bazel_tools/tools/build_defs/repo/http.bzl:387:31: in <toplevel>

```

#### Definition
```python
load("@@bazel_tools//tools/build_defs/repo:http.bzl", "http_archive")
http_archive(
  name = "bazel_gazelle",
  urls = [
    "https://mirror.bazel.build/github.com/bazelbuild/bazel-gazelle/releases/download/v0.37.0/bazel-gazelle-v0.37.0.tar.gz",
    "https://github.com/bazelbuild/bazel-gazelle/releases/download/v0.37.0/bazel-gazelle-v0.37.0.tar.gz"
  ],
  integrity = "sha256-12v3pg/YsFBEQJDfooN6Tq+YKeEWVhjuNdzspcvfWNU=",
)
```
**Tip**: URLs usually show which version was used.
</details>

___
Found partially name matches in BCR: `gazelle`

It has been introduced as a Bazel module:

	bazel_dep(name = "gazelle", version = "0.45.0", repo_name = "bazel_gazelle")
## Migration of `io_bazel_rules_go`:

<details>
<summary>Click here to see where and how the repo was declared in the WORKSPACE file</summary>

#### Location
```python
Repository io_bazel_rules_go instantiated at:
  /usr/local/google/home/kotlaja/github/bazel-central-registry/tools/bzlmod_migration_test_examples/go_extension/WORKSPACE:3:13: in <toplevel>
Repository rule http_archive defined at:
  /usr/local/google/home/kotlaja/.cache/bazel/_bazel_kotlaja/8bb74c52ceca543bc38a48c05f0054f4/external/bazel_tools/tools/build_defs/repo/http.bzl:387:31: in <toplevel>

```

#### Definition
```python
load("@@bazel_tools//tools/build_defs/repo:http.bzl", "http_archive")
http_archive(
  name = "io_bazel_rules_go",
  urls = [
    "https://mirror.bazel.build/github.com/bazelbuild/rules_go/releases/download/v0.48.0/rules_go-v0.48.0.zip",
    "https://github.com/bazelbuild/rules_go/releases/download/v0.48.0/rules_go-v0.48.0.zip"
  ],
  integrity = "sha256-M6zErg9wUC20uJPJ/B3Xqb+ZjCPn/yxFF3QdQEmpdvg=",
)
```
**Tip**: URLs usually show which version was used.
</details>

___
Found partially name matches in BCR: `rules_go`

It has been introduced as a Bazel module:

	bazel_dep(name = "rules_go", version = "0.57.0", repo_name = "io_bazel_rules_go")
## Migration of `org_golang_x_net`:
It has been introduced as a go module with the help of `go.mod`:

```
go_deps.from_file(go_mod = "//:go.mod")
go_sdk.from_file(go_mod = "//:go.mod")
```
Additionally, `gazelle_override` was used for the initial directives:

```
go_deps.gazelle_override(
    path = "golang.org/x/net",
    directives = [
        "gazelle:proto disable",
         "gazelle:go_naming_convention import",
    ],
)
```
## Migration of `org_golang_x_text`:
It has already been introduced as a go module with the help of `go.mod`.

## Migration of `org_golang_google_grpc`:
It has already been introduced as a go module with the help of `go.mod`.

Additionally, `gazelle_override` was used for the initial directives:

```
go_deps.gazelle_override(
    path = "google.golang.org/grpc",
    directives = [
        "gazelle:proto disable_global",
    ],
)
```
## Migration of `io_bazel_rules_go`:

<details>
<summary>Click here to see where and how the repo was declared in the WORKSPACE file</summary>

#### Location
```python
Repository io_bazel_rules_go instantiated at:
  /usr/local/google/home/kotlaja/github/bazel-central-registry/tools/bzlmod_migration_test_examples/go_extension/WORKSPACE:3:13: in <toplevel>
Repository rule http_archive defined at:
  /usr/local/google/home/kotlaja/.cache/bazel/_bazel_kotlaja/8bb74c52ceca543bc38a48c05f0054f4/external/bazel_tools/tools/build_defs/repo/http.bzl:387:31: in <toplevel>

```

#### Definition
```python
load("@@bazel_tools//tools/build_defs/repo:http.bzl", "http_archive")
http_archive(
  name = "io_bazel_rules_go",
  urls = [
    "https://mirror.bazel.build/github.com/bazelbuild/rules_go/releases/download/v0.48.0/rules_go-v0.48.0.zip",
    "https://github.com/bazelbuild/rules_go/releases/download/v0.48.0/rules_go-v0.48.0.zip"
  ],
  integrity = "sha256-M6zErg9wUC20uJPJ/B3Xqb+ZjCPn/yxFF3QdQEmpdvg=",
)
```
**Tip**: URLs usually show which version was used.
</details>

___
Found partially name matches in BCR: `rules_go`

This module has already been added inside the MODULE.bazel file
