# Migration info
Command for local testing:
```
bazel build --enable_bzlmod --noenable_workspace //...
```
## Direct dependencies:
* rules_java
* px_deps
* maven
## Migration of `rules_java`:

<details>
<summary>Click here to see where and how the repo was declared in the WORKSPACE file</summary>

#### Location
```python
Repository rules_java instantiated at:
  /usr/local/google/home/kotlaja/github/bazel-central-registry/tools/bzlmod_migration_test_examples/maven_extensions/WORKSPACE:3:13: in <toplevel>
Repository rule http_archive defined at:
  /usr/local/google/home/kotlaja/.cache/bazel/_bazel_kotlaja/edc4dc07b05f815b67e93224582c43f6/external/bazel_tools/tools/build_defs/repo/http.bzl:387:31: in <toplevel>

```

#### Definition
```python
load("@@bazel_tools//tools/build_defs/repo:http.bzl", "http_archive")
http_archive(
  name = "rules_java",
  urls = [
    "https://github.com/bazelbuild/rules_java/releases/download/7.12.0/rules_java-7.12.0.tar.gz"
  ],
  sha256 = "c999cdbb4e8414d49c4117bb73800cff95c438c15da075531ae004275ab23144",
)
```
**Tip**: URLs usually show which version was used.
</details>

___
Found perfect name match in BCR: `rules_java`

It has been introduced as a Bazel module:

	bazel_dep(name = "rules_java", version = "8.16.1")
## Migration of `rules_jvm_external`:

<details>
<summary>Click here to see where and how the repo was declared in the WORKSPACE file</summary>

#### Location
```python
Repository rules_jvm_external instantiated at:
  /usr/local/google/home/kotlaja/github/bazel-central-registry/tools/bzlmod_migration_test_examples/maven_extensions/WORKSPACE:9:13: in <toplevel>
Repository rule http_archive defined at:
  /usr/local/google/home/kotlaja/.cache/bazel/_bazel_kotlaja/edc4dc07b05f815b67e93224582c43f6/external/bazel_tools/tools/build_defs/repo/http.bzl:387:31: in <toplevel>

```

#### Definition
```python
load("@@bazel_tools//tools/build_defs/repo:http.bzl", "http_archive")
http_archive(
  name = "rules_jvm_external",
  urls = [
    "https://github.com/bazelbuild/rules_jvm_external/archive/refs/tags/4.3.tar.gz"
  ],
  sha256 = "23fe83890a77ac1a3ee143e2306ec12da4a845285b14ea13cb0df1b1e23658fe",
  strip_prefix = "rules_jvm_external-4.3",
)
```
**Tip**: URLs usually show which version was used.
</details>

___
Found perfect name match in BCR: `rules_jvm_external`

It has been introduced as a Bazel module:

	bazel_dep(name = "rules_jvm_external", version = "6.8")
## Migration of `px_deps`:
It has been introduced as a maven extension:

```
maven.install(
	name = "px_deps",
    artifacts = [
        "org.antlr:antlr4:4.11.1",
		"com.google.jimfs:jimfs:1.2",
		"com.google.truth:truth:1.4.0",
    ],
    repositories = [
        "https://repo1.maven.org/maven2",
    ],
)
```
## Migration of `biz.aQute` (maven):
It has been introduced as a maven artifact (testonly):

```
maven.artifact(
    testonly = True,
    group = "biz.aQute",
    artifact = "bnd",
    version = "0.0.384"
)
```
## Migration of `com.google.truth` (maven):
It has been introduced as a maven artifact (testonly):

```
maven.artifact(
    testonly = True,
    group = "com.google.truth",
    artifact = "truth",
    version = "1.4.0"
)
```
## Migration of `maven`:
It has been introduced as a maven extension:

```
maven.install(
    artifacts = [
        "aopalliance:aopalliance:1.0",
		"org.apache.santuario:xmlsec:2.2.0",
    ],
    repositories = [
        "https://maven.google.com",
		"https://repo1.maven.org/maven2",
    ],
)
```
